cargo :    Compiling aoe-archive v0.1.0 
(C:\Users\coda\Documents\GitHub\aoe2de-archiver)
At line:1 char:12
+ $null | & {cargo test --lib load_specific -- --nocapture 2>&1 | Out-F ...
+            ~~~~~~~~~~~~~~~~~~~~~~~~~~~~~~~~~~~~~~~~~~~~~~~~~~
    + CategoryInfo          : NotSpecified: (   Compiling ao...oe2de-archiver):S 
   tring) [], RemoteException
    + FullyQualifiedErrorId : NativeCommandError
 
warning: unused variable: `version`
  --> src\utils.rs:67:5
   |
67 |     version: Option<&str>,
   |     ^^^^^^^ help: if this is intentional, prefix it with an underscore: 
`_version`
   |
   = note: `#[warn(unused_variables)]` (part of `#[warn(unused)]`) on by default

warning: `aoe-archive` (lib test) generated 1 warning (run `cargo fix --lib -p 
aoe-archive --tests` to apply 1 suggestion)
    Finished `test` profile [unoptimized + debuginfo] target(s) in 1.73s
     Running unittests src\lib.rs 
(target\debug\deps\aoe_archive-9a0ccb322ac6faa8.exe)

running 1 test
